// Jest Snapshot v1, https://goo.gl/fbAQLP

exports[`Login Component matches snapshot 1`] = `
<DocumentFragment>
  <div
    class="form"
  >
    <h1>
      Welcome back
    </h1>
    <h2>
      Please Login
    </h2>
    <form>
      <fieldset
        class="fieldset"
      >
        <legend
          class="legend"
        >
          Login
        </legend>
        <input
          class="input"
          placeholder="Email"
          type="email"
          value=""
        />
        <input
          class="input"
          placeholder="Password"
          type="password"
          value=""
        />
      </fieldset>
      <button
        class="button"
        type="submit"
      >
        Login
      </button>
      New Users
    </form>
    <section
      aria-atomic="false"
      aria-label="Notifications Alt+T"
      aria-live="polite"
      aria-relevant="additions text"
      class="Toastify"
    />
  </div>
</DocumentFragment>
`;
